// Jest Snapshot v1, https://goo.gl/fbAQLP

exports[`login form component renders correctly 1`] = `<LoginForm />`;
